Archive member included to satisfy reference by file (symbol)

c:/mounriver/mounriver_studio/toolchain/risc-v embedded gcc/bin/../lib/gcc/riscv-none-embed/8.2.0/rv32imacxw/ilp32\libgcc.a(save-restore.o)
                              ./User/USB_Host/app_km.o (__riscv_save_12)
c:/mounriver/mounriver_studio/toolchain/risc-v embedded gcc/bin/../lib/gcc/riscv-none-embed/8.2.0/../../../../riscv-none-embed/lib/rv32imacxw/ilp32\libg_nano.a(lib_a-locale.o)
                              ./User/main.o (__locale_ctype_ptr)
c:/mounriver/mounriver_studio/toolchain/risc-v embedded gcc/bin/../lib/gcc/riscv-none-embed/8.2.0/../../../../riscv-none-embed/lib/rv32imacxw/ilp32\libg_nano.a(lib_a-malloc.o)
                              ./User/main.o (malloc)
c:/mounriver/mounriver_studio/toolchain/risc-v embedded gcc/bin/../lib/gcc/riscv-none-embed/8.2.0/../../../../riscv-none-embed/lib/rv32imacxw/ilp32\libg_nano.a(lib_a-mbtowc_r.o)
                              c:/mounriver/mounriver_studio/toolchain/risc-v embedded gcc/bin/../lib/gcc/riscv-none-embed/8.2.0/../../../../riscv-none-embed/lib/rv32imacxw/ilp32\libg_nano.a(lib_a-locale.o) (__ascii_mbtowc)
c:/mounriver/mounriver_studio/toolchain/risc-v embedded gcc/bin/../lib/gcc/riscv-none-embed/8.2.0/../../../../riscv-none-embed/lib/rv32imacxw/ilp32\libg_nano.a(lib_a-memchr.o)
                              ./User/USB_Host/app_km.o (memchr)
c:/mounriver/mounriver_studio/toolchain/risc-v embedded gcc/bin/../lib/gcc/riscv-none-embed/8.2.0/../../../../riscv-none-embed/lib/rv32imacxw/ilp32\libg_nano.a(lib_a-memcpy.o)
                              ./User/USB_Host/ch32v20x_usbfs_host.o (memcpy)
c:/mounriver/mounriver_studio/toolchain/risc-v embedded gcc/bin/../lib/gcc/riscv-none-embed/8.2.0/../../../../riscv-none-embed/lib/rv32imacxw/ilp32\libg_nano.a(lib_a-memset.o)
                              ./User/USB_Host/app_km.o (memset)
c:/mounriver/mounriver_studio/toolchain/risc-v embedded gcc/bin/../lib/gcc/riscv-none-embed/8.2.0/../../../../riscv-none-embed/lib/rv32imacxw/ilp32\libg_nano.a(lib_a-nano-freer.o)
                              c:/mounriver/mounriver_studio/toolchain/risc-v embedded gcc/bin/../lib/gcc/riscv-none-embed/8.2.0/../../../../riscv-none-embed/lib/rv32imacxw/ilp32\libg_nano.a(lib_a-malloc.o) (_free_r)
c:/mounriver/mounriver_studio/toolchain/risc-v embedded gcc/bin/../lib/gcc/riscv-none-embed/8.2.0/../../../../riscv-none-embed/lib/rv32imacxw/ilp32\libg_nano.a(lib_a-nano-mallocr.o)
                              c:/mounriver/mounriver_studio/toolchain/risc-v embedded gcc/bin/../lib/gcc/riscv-none-embed/8.2.0/../../../../riscv-none-embed/lib/rv32imacxw/ilp32\libg_nano.a(lib_a-malloc.o) (_malloc_r)
c:/mounriver/mounriver_studio/toolchain/risc-v embedded gcc/bin/../lib/gcc/riscv-none-embed/8.2.0/../../../../riscv-none-embed/lib/rv32imacxw/ilp32\libg_nano.a(lib_a-printf.o)
                              ./User/USB_Host/app_km.o (printf)
c:/mounriver/mounriver_studio/toolchain/risc-v embedded gcc/bin/../lib/gcc/riscv-none-embed/8.2.0/../../../../riscv-none-embed/lib/rv32imacxw/ilp32\libg_nano.a(lib_a-puts.o)
                              ./User/USB_Host/app_km.o (puts)
c:/mounriver/mounriver_studio/toolchain/risc-v embedded gcc/bin/../lib/gcc/riscv-none-embed/8.2.0/../../../../riscv-none-embed/lib/rv32imacxw/ilp32\libg_nano.a(lib_a-sbrkr.o)
                              c:/mounriver/mounriver_studio/toolchain/risc-v embedded gcc/bin/../lib/gcc/riscv-none-embed/8.2.0/../../../../riscv-none-embed/lib/rv32imacxw/ilp32\libg_nano.a(lib_a-nano-mallocr.o) (_sbrk_r)
c:/mounriver/mounriver_studio/toolchain/risc-v embedded gcc/bin/../lib/gcc/riscv-none-embed/8.2.0/../../../../riscv-none-embed/lib/rv32imacxw/ilp32\libg_nano.a(lib_a-sprintf.o)
                              ./User/m6800.o (sprintf)
c:/mounriver/mounriver_studio/toolchain/risc-v embedded gcc/bin/../lib/gcc/riscv-none-embed/8.2.0/../../../../riscv-none-embed/lib/rv32imacxw/ilp32\libg_nano.a(lib_a-strcmp.o)
                              c:/mounriver/mounriver_studio/toolchain/risc-v embedded gcc/bin/../lib/gcc/riscv-none-embed/8.2.0/../../../../riscv-none-embed/lib/rv32imacxw/ilp32\libg_nano.a(lib_a-locale.o) (strcmp)
c:/mounriver/mounriver_studio/toolchain/risc-v embedded gcc/bin/../lib/gcc/riscv-none-embed/8.2.0/../../../../riscv-none-embed/lib/rv32imacxw/ilp32\libg_nano.a(lib_a-wbuf.o)
                              c:/mounriver/mounriver_studio/toolchain/risc-v embedded gcc/bin/../lib/gcc/riscv-none-embed/8.2.0/../../../../riscv-none-embed/lib/rv32imacxw/ilp32\libg_nano.a(lib_a-puts.o) (__swbuf_r)
c:/mounriver/mounriver_studio/toolchain/risc-v embedded gcc/bin/../lib/gcc/riscv-none-embed/8.2.0/../../../../riscv-none-embed/lib/rv32imacxw/ilp32\libg_nano.a(lib_a-wctomb_r.o)
                              c:/mounriver/mounriver_studio/toolchain/risc-v embedded gcc/bin/../lib/gcc/riscv-none-embed/8.2.0/../../../../riscv-none-embed/lib/rv32imacxw/ilp32\libg_nano.a(lib_a-locale.o) (__ascii_wctomb)
[...]
Memory Configuration

Name             Origin             Length             Attributes
FLASH            0x0000000000000000 0x0000000000010000 xr
RAM              0x0000000020000000 0x0000000000005000 xrw
*default*        0x0000000000000000 0xffffffffffffffff

Linker script and memory map

LOAD ./User/USB_Host/app_km.o
LOAD ./User/USB_Host/ch32v20x_usbfs_host.o
LOAD ./User/USB_Host/usb_host_hid.o
LOAD ./User/USB_Host/usb_host_hub.o
LOAD ./User/ch32v20x_it.o
LOAD ./User/m6800.o
LOAD ./User/main.o
LOAD ./User/system_ch32v20x.o
LOAD ./Startup/startup_ch32v20x_D6.o
LOAD ./Peripheral/src/ch32v20x_adc.o
LOAD ./Peripheral/src/ch32v20x_bkp.o
LOAD ./Peripheral/src/ch32v20x_can.o
LOAD ./Peripheral/src/ch32v20x_crc.o
LOAD ./Peripheral/src/ch32v20x_dbgmcu.o
LOAD ./Peripheral/src/ch32v20x_dma.o
LOAD ./Peripheral/src/ch32v20x_exti.o
LOAD ./Peripheral/src/ch32v20x_flash.o
LOAD ./Peripheral/src/ch32v20x_gpio.o
LOAD ./Peripheral/src/ch32v20x_i2c.o
LOAD ./Peripheral/src/ch32v20x_iwdg.o
LOAD ./Peripheral/src/ch32v20x_misc.o
LOAD ./Peripheral/src/ch32v20x_opa.o
LOAD ./Peripheral/src/ch32v20x_pwr.o
LOAD ./Peripheral/src/ch32v20x_rcc.o
LOAD ./Peripheral/src/ch32v20x_rtc.o
LOAD ./Peripheral/src/ch32v20x_spi.o
LOAD ./Peripheral/src/ch32v20x_tim.o
LOAD ./Peripheral/src/ch32v20x_usart.o
LOAD ./Peripheral/src/ch32v20x_wwdg.o
LOAD ./Debug/debug.o
LOAD ./Core/core_riscv.o
LOAD c:/mounriver/mounriver_studio/toolchain/risc-v embedded gcc/bin/../lib/gcc/riscv-none-embed/8.2.0/rv32imacxw/ilp32\libgcc.a
LOAD c:/mounriver/mounriver_studio/toolchain/risc-v embedded gcc/bin/../lib/gcc/riscv-none-embed/8.2.0/../../../../riscv-none-embed/lib/rv32imacxw/ilp32\libg_nano.a
LOAD c:/mounriver/mounriver_studio/toolchain/risc-v embedded gcc/bin/../lib/gcc/riscv-none-embed/8.2.0/../../../../riscv-none-embed/lib/rv32imacxw/ilp32\libc_nano.a
LOAD c:/mounriver/mounriver_studio/toolchain/risc-v embedded gcc/bin/../lib/gcc/riscv-none-embed/8.2.0/rv32imacxw/ilp32\libgcc.a
START GROUP
LOAD c:/mounriver/mounriver_studio/toolchain/risc-v embedded gcc/bin/../lib/gcc/riscv-none-embed/8.2.0/rv32imacxw/ilp32\libgcc.a
LOAD c:/mounriver/mounriver_studio/toolchain/risc-v embedded gcc/bin/../lib/gcc/riscv-none-embed/8.2.0/../../../../riscv-none-embed/lib/rv32imacxw/ilp32\libc_nano.a
LOAD c:/mounriver/mounriver_studio/toolchain/risc-v embedded gcc/bin/../lib/gcc/riscv-none-embed/8.2.0/../../../../riscv-none-embed/lib/rv32imacxw/ilp32\libnosys.a
END GROUP
START GROUP
LOAD c:/mounriver/mounriver_studio/toolchain/risc-v embedded gcc/bin/../lib/gcc/riscv-none-embed/8.2.0/rv32imacxw/ilp32\libgcc.a
LOAD c:/mounriver/mounriver_studio/toolchain/risc-v embedded gcc/bin/../lib/gcc/riscv-none-embed/8.2.0/../../../../riscv-none-embed/lib/rv32imacxw/ilp32\libc_nano.a
LOAD c:/mounriver/mounriver_studio/toolchain/risc-v embedded gcc/bin/../lib/gcc/riscv-none-embed/8.2.0/../../../../riscv-none-embed/lib/rv32imacxw/ilp32\libnosys.a
END GROUP
                0x0000000000000100                __stack_size = 0x100
                [!provide]                        PROVIDE (_stack_size = __stack_size)

.init           0x0000000000000000       0x38
                0x0000000000000000                _sinit = .
                0x0000000000000000                . = ALIGN (0x4)
 *(SORT_NONE(.init))
 .init          0x0000000000000000       0x38 ./Startup/startup_ch32v20x_D6.o
                0x0000000000000000                _start
                0x0000000000000038                . = ALIGN (0x4)
                0x0000000000000038                _einit = .

.vector         0x0000000000000038      0x108
 *(.vector)
 .vector        0x0000000000000038       0xfc ./Startup/startup_ch32v20x_D6.o
                0x0000000000000140                . = ALIGN (0x40)
 *fill*         0x0000000000000134        0xc 

.text           0x0000000000000140     0x95fc
                0x0000000000000140                . = ALIGN (0x4)
 *(.text)
 .text          0x0000000000000140       0x60 c:/mounriver/mounriver_studio/toolchain/risc-v embedded gcc/bin/../lib/gcc/riscv-none-embed/8.2.0/rv32imacxw/ilp32\libgcc.a(save-restore.o)
                0x0000000000000140                __riscv_save_12
                0x0000000000000148                __riscv_save_9
                0x0000000000000148                __riscv_save_11
                0x0000000000000148                __riscv_save_10
                0x0000000000000148                __riscv_save_8
                0x0000000000000156                __riscv_save_4
                0x0000000000000156                __riscv_save_6
                0x0000000000000156                __riscv_save_5
                0x0000000000000156                __riscv_save_7
                0x0000000000000170                __riscv_save_3
                0x0000000000000170                __riscv_save_2
                0x0000000000000170                __riscv_save_1
                0x0000000000000170                __riscv_save_0
                0x000000000000017c                __riscv_restore_12
                0x0000000000000180                __riscv_restore_11
                0x0000000000000180                __riscv_restore_9
                0x0000000000000180                __riscv_restore_10
                0x0000000000000180                __riscv_restore_8
                0x000000000000018a                __riscv_restore_5
                0x000000000000018a                __riscv_restore_7
                0x000000000000018a                __riscv_restore_6
                0x000000000000018a                __riscv_restore_4
                0x0000000000000194                __riscv_restore_3
                0x0000000000000194                __riscv_restore_0
                0x0000000000000194                __riscv_restore_2
                0x0000000000000194                __riscv_restore_1
 .text          0x00000000000001a0       0xa8 c:/mounriver/mounriver_studio/toolchain/risc-v embedded gcc/bin/../lib/gcc/riscv-none-embed/8.2.0/../../../../riscv-none-embed/lib/rv32imacxw/ilp32\libg_nano.a(lib_a-memset.o)
                0x00000000000001a0                memset
 *(.text.*)
 .text.TIM3_IRQHandler
                0x0000000000000248      0x10a ./User/USB_Host/app_km.o
                0x0000000000000248                TIM3_IRQHandler
 .text.NMI_Handler
                0x0000000000000352        0x4 ./User/ch32v20x_it.o
                0x0000000000000352                NMI_Handler
 .text.HardFault_Handler
                0x0000000000000356        0x2 ./User/ch32v20x_it.o
                0x0000000000000356                HardFault_Handler
 .text.daa      0x0000000000000358       0x88 ./User/m6800.o
 .text.aba      0x00000000000003e0       0x5c ./User/m6800.o
 .text.RM16     0x000000000000043c       0x24 ./User/m6800.o
 .text.suba_im  0x0000000000000460       0x62 ./User/m6800.o
 .text.cmpa_im  0x00000000000004c2       0x5a ./User/m6800.o
 .text.sbca_im  0x000000000000051c       0x64 ./User/m6800.o
 .text.adca_im  0x0000000000000580       0x70 ./User/m6800.o
 .text.adda_im  0x00000000000005f0       0x6a ./User/m6800.o
 .text.cmpx_im  0x000000000000065a       0x6c ./User/m6800.o
 .text.cmpx_di  0x00000000000006c6       0x54 ./User/m6800.o
 .text.cmpx_ix  0x000000000000071a       0x5e ./User/m6800.o
 .text.cmpx_ex  0x0000000000000778       0x68 ./User/m6800.o
 .text.lds_ex   0x00000000000007e0       0x4a ./User/m6800.o
 .text.subb_im  0x000000000000082a       0x64 ./User/m6800.o
 .text.cmpb_im  0x000000000000088e       0x5c ./User/m6800.o
 .text.sbcb_im  0x00000000000008ea       0x66 ./User/m6800.o
 .text.adcb_im  0x0000000000000950       0x72 ./User/m6800.o
 .text.addb_im  0x00000000000009c2       0x6c ./User/m6800.o
 .text.adx_im   0x0000000000000a2e       0x58 ./User/m6800.o
 .text.adx_ex   0x0000000000000a86       0x74 ./User/m6800.o
 .text.ldx_ex   0x0000000000000afa       0x4e ./User/m6800.o
 .text.rti      0x0000000000000b48       0x96 ./User/m6800.o
 .text.tmm_ix   0x0000000000000bde       0x6e ./User/m6800.o
 .text.suba_di  0x0000000000000c4c       0x70 ./User/m6800.o
 .text.cmpa_di  0x0000000000000cbc       0x68 ./User/m6800.o
 .text.sbca_di  0x0000000000000d24       0x72 ./User/m6800.o
 .text.adca_di  0x0000000000000d96       0x7a ./User/m6800.o
 .text.adda_di  0x0000000000000e10       0x78 ./User/m6800.o
 .text.suba_ix  0x0000000000000e88       0x78 ./User/m6800.o
 .text.cmpa_ix  0x0000000000000f00       0x70 ./User/m6800.o
 .text.sbca_ix  0x0000000000000f70       0x7a ./User/m6800.o
 .text.adca_ix  0x0000000000000fea       0x82 ./User/m6800.o
 .text.adda_ix  0x000000000000106c       0x80 ./User/m6800.o
 .text.suba_ex  0x00000000000010ec       0x84 ./User/m6800.o
 .text.cmpa_ex  0x0000000000001170       0x7c ./User/m6800.o
 .text.sbca_ex  0x00000000000011ec       0x86 ./User/m6800.o
 .text.anda_ex  0x0000000000001272       0x52 ./User/m6800.o
 .text.bita_ex  0x00000000000012c4       0x50 ./User/m6800.o
 .text.lda_ex   0x0000000000001314       0x4e ./User/m6800.o
 .text.eora_ex  0x0000000000001362       0x58 ./User/m6800.o
 .text.adca_ex  0x00000000000013ba       0x8e ./User/m6800.o
 .text.ora_ex   0x0000000000001448       0x56 ./User/m6800.o
 .text.adda_ex  0x000000000000149e       0x8c ./User/m6800.o
 .text.subb_di  0x000000000000152a       0x70 ./User/m6800.o
 .text.cmpb_di  0x000000000000159a       0x68 ./User/m6800.o
 .text.sbcb_di  0x0000000000001602       0x72 ./User/m6800.o
 .text.adcb_di  0x0000000000001674       0x7a ./User/m6800.o
 .text.addb_di  0x00000000000016ee       0x78 ./User/m6800.o
 .text.subb_ix  0x0000000000001766       0x78 ./User/m6800.o
 .text.cmpb_ix  0x00000000000017de       0x70 ./User/m6800.o
 .text.sbcb_ix  0x000000000000184e       0x7a ./User/m6800.o
 .text.adcb_ix  0x00000000000018c8       0x82 ./User/m6800.o
 .text.addb_ix  0x000000000000194a       0x80 ./User/m6800.o
 .text.subb_ex  0x00000000000019ca       0x84 ./User/m6800.o
 .text.cmpb_ex  0x0000000000001a4e       0x7c ./User/m6800.o
 .text.sbcb_ex  0x0000000000001aca       0x86 ./User/m6800.o
 .text.andb_ex  0x0000000000001b50       0x52 ./User/m6800.o
 .text.bitb_ex  0x0000000000001ba2       0x50 ./User/m6800.o
 .text.ldb_ex   0x0000000000001bf2       0x4e ./User/m6800.o
 .text.eorb_ex  0x0000000000001c40       0x58 ./User/m6800.o
 .text.adcb_ex  0x0000000000001c98       0x8e ./User/m6800.o
 .text.orb_ex   0x0000000000001d26       0x56 ./User/m6800.o
 .text.addb_ex  0x0000000000001d7c       0x8c ./User/m6800.o
 .text.wai      0x0000000000001e08       0x8e ./User/m6800.o
 .text.swi      0x0000000000001e96       0x98 ./User/m6800.o
 .text.neg_ix   0x0000000000001f2e       0x7a ./User/m6800.o
 .text.com_ix   0x0000000000001fa8       0x62 ./User/m6800.o
 .text.ror_ix   0x000000000000200a       0x62 ./User/m6800.o
 .text.asr_ix   0x000000000000206c       0x62 ./User/m6800.o
 .text.asl_ix   0x00000000000020ce       0x70 ./User/m6800.o
 .text.rol_ix   0x000000000000213e       0x7c ./User/m6800.o
 .text.neg_ex   0x00000000000021ba       0x8c ./User/m6800.o
 .text.nim_ix   0x0000000000002246       0x6a ./User/m6800.o
 .text.oim_ix_mb8861
                0x00000000000022b0       0x6a ./User/m6800.o
 .text.com_ex   0x000000000000231a       0x74 ./User/m6800.o
 .text.lsr_ex   0x000000000000238e       0x5c ./User/m6800.o
 .text.xim_ix   0x00000000000023ea       0x6a ./User/m6800.o
 .text.ror_ex   0x0000000000002454       0x6c ./User/m6800.o
 .text.asr_ex   0x00000000000024c0       0x6c ./User/m6800.o
 .text.asl_ex   0x000000000000252c       0x82 ./User/m6800.o
 .text.rol_ex   0x00000000000025ae       0x8e ./User/m6800.o
 .text.dec_ex   0x000000000000263c       0x58 ./User/m6800.o
 .text.inc_ex   0x0000000000002694       0x58 ./User/m6800.o
 .text.WM16     0x00000000000026ec       0x26 ./User/m6800.o
 .text.sts_ex   0x0000000000002712       0x52 ./User/m6800.o
 .text.stx_ex   0x0000000000002764       0x52 ./User/m6800.o
 .text.sta_ex   0x00000000000027b6       0x54 ./User/m6800.o
 .text.jsr_ex   0x000000000000280a       0x5e ./User/m6800.o
 .text.stb_ex   0x0000000000002868       0x54 ./User/m6800.o
 .text.ENTER_INTERRUPT.isra.0
                0x00000000000028bc       0xb6 ./User/m6800.o
 .text.m6800_init
                0x0000000000002972        0x2 ./User/m6800.o
                0x0000000000002972                m6800_init
 .text.m6800_reset
                0x0000000000002974       0x34 ./User/m6800.o
                0x0000000000002974                m6800_reset
 .text.m6800_execute
                0x00000000000029a8     0x1992 ./User/m6800.o
                0x00000000000029a8                m6800_execute
 .text.video_init
                0x000000000000433a      0x17c ./User/main.o
                0x000000000000433a                video_init
 .text.video_wait_vsync
                0x00000000000044b6       0x16 ./User/main.o
                0x00000000000044b6                video_wait_vsync
 .text.DMA_Tx_Init
                0x00000000000044cc       0x56 ./User/main.o
                0x00000000000044cc                DMA_Tx_Init
 .text.TIM4_PWMOut_Init
                0x0000000000004522       0x88 ./User/main.o
                0x0000000000004522                TIM4_PWMOut_Init
 .text.exec6522
                0x00000000000045aa       0x7c ./User/main.o
                0x00000000000045aa                exec6522
 .text.cpu_writemem16
                0x0000000000004626       0xd4 ./User/main.o
                0x0000000000004626                cpu_writemem16
 .text.cpu_readmem16
                0x00000000000046fa       0x92 ./User/main.o
                0x00000000000046fa                cpu_readmem16
 .text.beep_init
                0x000000000000478c       0x42 ./User/main.o
                0x000000000000478c                beep_init
 .text.USART_CFG
                0x00000000000047ce       0x80 ./User/main.o
                0x00000000000047ce                USART_CFG
 .text.USART_Getkey
                0x000000000000484e      0x102 ./User/main.o
                0x000000000000484e                USART_Getkey
 .text.TIM1_CC_IRQHandler
                0x0000000000004950      0x1f8 ./User/main.o
                0x0000000000004950                TIM1_CC_IRQHandler
 .text.startup.main
                0x0000000000004b48       0xa4 ./User/main.o
                0x0000000000004b48                main
 .text.SystemInit
                0x0000000000004bec       0xea ./User/system_ch32v20x.o
                0x0000000000004bec                SystemInit
 .text.vector_handler
                0x0000000000004cd6       0x6c ./Startup/startup_ch32v20x_D6.o
                0x0000000000004cda                Ecall_M_Mode_Handler
                0x0000000000004cdc                Ecall_U_Mode_Handler
                0x0000000000004cde                Break_Point_Handler
                0x0000000000004ce0                SysTick_Handler
                0x0000000000004ce2                SW_Handler
                0x0000000000004ce4                WWDG_IRQHandler
                0x0000000000004ce6                PVD_IRQHandler
                0x0000000000004ce8                TAMPER_IRQHandler
                0x0000000000004cea                RTC_IRQHandler
                0x0000000000004cec                FLASH_IRQHandler
                0x0000000000004cee                RCC_IRQHandler
                0x0000000000004cf0                EXTI0_IRQHandler
                0x0000000000004cf2                EXTI1_IRQHandler
                0x0000000000004cf4                EXTI2_IRQHandler
                0x0000000000004cf6                EXTI3_IRQHandler
                0x0000000000004cf8                EXTI4_IRQHandler
                0x0000000000004cfa                DMA1_Channel1_IRQHandler
                0x0000000000004cfc                DMA1_Channel2_IRQHandler
                0x0000000000004cfe                DMA1_Channel3_IRQHandler
                0x0000000000004d00                DMA1_Channel4_IRQHandler
                0x0000000000004d02                DMA1_Channel5_IRQHandler
                0x0000000000004d04                DMA1_Channel6_IRQHandler
                0x0000000000004d06                DMA1_Channel7_IRQHandler
                0x0000000000004d08                ADC1_2_IRQHandler
                0x0000000000004d0a                USB_HP_CAN1_TX_IRQHandler
                0x0000000000004d0c                USB_LP_CAN1_RX0_IRQHandler
                0x0000000000004d0e                CAN1_RX1_IRQHandler
                0x0000000000004d10                CAN1_SCE_IRQHandler
                0x0000000000004d12                EXTI9_5_IRQHandler
                0x0000000000004d14                TIM1_BRK_IRQHandler
                0x0000000000004d16                TIM1_UP_IRQHandler
                0x0000000000004d18                TIM1_TRG_COM_IRQHandler
                0x0000000000004d1c                TIM2_IRQHandler
                0x0000000000004d20                TIM4_IRQHandler
                0x0000000000004d22                I2C1_EV_IRQHandler
                0x0000000000004d24                I2C1_ER_IRQHandler
                0x0000000000004d26                I2C2_EV_IRQHandler
                0x0000000000004d28                I2C2_ER_IRQHandler
                0x0000000000004d2a                SPI1_IRQHandler
                0x0000000000004d2c                SPI2_IRQHandler
                0x0000000000004d2e                USART1_IRQHandler
                0x0000000000004d30                USART2_IRQHandler
                0x0000000000004d32                USART3_IRQHandler
                0x0000000000004d34                EXTI15_10_IRQHandler
                0x0000000000004d36                RTCAlarm_IRQHandler
                0x0000000000004d38                USBWakeUp_IRQHandler
                0x0000000000004d3a                USBHD_IRQHandler
                0x0000000000004d3c                USBHDWakeUp_IRQHandler
                0x0000000000004d3e                UART4_IRQHandler
                0x0000000000004d40                DMA1_Channel8_IRQHandler
 .text.handle_reset
                0x0000000000004d42       0x86 ./Startup/startup_ch32v20x_D6.o
                0x0000000000004d42                handle_reset
 .text.DMA_DeInit
                0x0000000000004dc8       0x9c ./Peripheral/src/ch32v20x_dma.o
                0x0000000000004dc8                DMA_DeInit
 .text.DMA_Init
                0x0000000000004e64       0x38 ./Peripheral/src/ch32v20x_dma.o
                0x0000000000004e64                DMA_Init
 .text.DMA_Cmd  0x0000000000004e9c       0x14 ./Peripheral/src/ch32v20x_dma.o
                0x0000000000004e9c                DMA_Cmd
 .text.GPIO_Init
                0x0000000000004eb0       0xf2 ./Peripheral/src/ch32v20x_gpio.o
                0x0000000000004eb0                GPIO_Init
 .text.NVIC_PriorityGroupConfig
                0x0000000000004fa2        0x6 ./Peripheral/src/ch32v20x_misc.o
                0x0000000000004fa2                NVIC_PriorityGroupConfig
 .text.NVIC_Init
                0x0000000000004fa8       0xa6 ./Peripheral/src/ch32v20x_misc.o
                0x0000000000004fa8                NVIC_Init
 .text.RCC_GetClocksFreq
                0x000000000000504e       0xbe ./Peripheral/src/ch32v20x_rcc.o
                0x000000000000504e                RCC_GetClocksFreq
 .text.RCC_AHBPeriphClockCmd
                0x000000000000510c       0x1e ./Peripheral/src/ch32v20x_rcc.o
                0x000000000000510c                RCC_AHBPeriphClockCmd
 .text.RCC_APB2PeriphClockCmd
                0x000000000000512a       0x1e ./Peripheral/src/ch32v20x_rcc.o
                0x000000000000512a                RCC_APB2PeriphClockCmd
 .text.RCC_APB1PeriphClockCmd
                0x0000000000005148       0x1e ./Peripheral/src/ch32v20x_rcc.o
                0x0000000000005148                RCC_APB1PeriphClockCmd
 .text.SPI_Init
                0x0000000000005166       0x3e ./Peripheral/src/ch32v20x_spi.o
                0x0000000000005166                SPI_Init
 .text.SPI_Cmd  0x00000000000051a4       0x1a ./Peripheral/src/ch32v20x_spi.o
                0x00000000000051a4                SPI_Cmd
 .text.SPI_I2S_DMACmd
                0x00000000000051be       0x12 ./Peripheral/src/ch32v20x_spi.o
                0x00000000000051be                SPI_I2S_DMACmd
 .text.TIM_TimeBaseInit
                0x00000000000051d0       0x6a ./Peripheral/src/ch32v20x_tim.o
                0x00000000000051d0                TIM_TimeBaseInit
 .text.TIM_OC3Init
                0x000000000000523a       0x94 ./Peripheral/src/ch32v20x_tim.o
                0x000000000000523a                TIM_OC3Init
 .text.TIM_OC4Init
                0x00000000000052ce       0x6c ./Peripheral/src/ch32v20x_tim.o
                0x00000000000052ce                TIM_OC4Init
 .text.TIM_Cmd  0x000000000000533a       0x18 ./Peripheral/src/ch32v20x_tim.o
                0x000000000000533a                TIM_Cmd
 .text.TIM_CtrlPWMOutputs
                0x0000000000005352       0x16 ./Peripheral/src/ch32v20x_tim.o
                0x0000000000005352                TIM_CtrlPWMOutputs
 .text.TIM_ITConfig
                0x0000000000005368       0x12 ./Peripheral/src/ch32v20x_tim.o
                0x0000000000005368                TIM_ITConfig
 .text.TIM_ARRPreloadConfig
                0x000000000000537a       0x1a ./Peripheral/src/ch32v20x_tim.o
                0x000000000000537a                TIM_ARRPreloadConfig
 .text.TIM_OC3PreloadConfig
                0x0000000000005394        0xe ./Peripheral/src/ch32v20x_tim.o
                0x0000000000005394                TIM_OC3PreloadConfig
 .text.TIM_OC4PreloadConfig
                0x00000000000053a2       0x16 ./Peripheral/src/ch32v20x_tim.o
                0x00000000000053a2                TIM_OC4PreloadConfig
 .text.TIM_SetCompare4
                0x00000000000053b8        0x6 ./Peripheral/src/ch32v20x_tim.o
                0x00000000000053b8                TIM_SetCompare4
 .text.TIM_ClearFlag
                0x00000000000053be        0xc ./Peripheral/src/ch32v20x_tim.o
                0x00000000000053be                TIM_ClearFlag
 .text.TIM_GetITStatus
                0x00000000000053ca       0x18 ./Peripheral/src/ch32v20x_tim.o
                0x00000000000053ca                TIM_GetITStatus
 .text.TIM_ClearITPendingBit
                0x00000000000053e2        0xc ./Peripheral/src/ch32v20x_tim.o
                0x00000000000053e2                TIM_ClearITPendingBit
 .text.USART_Init
                0x00000000000053ee       0xbc ./Peripheral/src/ch32v20x_usart.o
                0x00000000000053ee                USART_Init
 .text.USART_Cmd
                0x00000000000054aa       0x16 ./Peripheral/src/ch32v20x_usart.o
                0x00000000000054aa                USART_Cmd
 .text.USART_ReceiveData
                0x00000000000054c0        0x8 ./Peripheral/src/ch32v20x_usart.o
                0x00000000000054c0                USART_ReceiveData
 .text.USART_GetFlagStatus
                0x00000000000054c8        0xa ./Peripheral/src/ch32v20x_usart.o
                0x00000000000054c8                USART_GetFlagStatus
 .text.Delay_Init
                0x00000000000054d2       0x2a ./Debug/debug.o
                0x00000000000054d2                Delay_Init
 .text.Delay_Ms
                0x00000000000054fc       0x36 ./Debug/debug.o
                0x00000000000054fc                Delay_Ms
 .text._sbrk    0x0000000000005532       0x26 ./Debug/debug.o
                0x0000000000005532                _sbrk
 .text.__locale_ctype_ptr
                0x0000000000005558       0x18 c:/mounriver/mounriver_studio/toolchain/risc-v embedded gcc/bin/../lib/gcc/riscv-none-embed/8.2.0/../../../../riscv-none-embed/lib/rv32imacxw/ilp32\libg_nano.a(lib_a-locale.o)
                0x0000000000005558                __locale_ctype_ptr
 .text.malloc   0x0000000000005570        0xa c:/mounriver/mounriver_studio/toolchain/risc-v embedded gcc/bin/../lib/gcc/riscv-none-embed/8.2.0/../../../../riscv-none-embed/lib/rv32imacxw/ilp32\libg_nano.a(lib_a-malloc.o)
                0x0000000000005570                malloc
 .text.__ascii_mbtowc
                0x000000000000557a       0x32 c:/mounriver/mounriver_studio/toolchain/risc-v embedded gcc/bin/../lib/gcc/riscv-none-embed/8.2.0/../../../../riscv-none-embed/lib/rv32imacxw/ilp32\libg_nano.a(lib_a-mbtowc_r.o)
                0x000000000000557a                __ascii_mbtowc
 .text.memcpy   0x00000000000055ac       0xb2 c:/mounriver/mounriver_studio/toolchain/risc-v embedded gcc/bin/../lib/gcc/riscv-none-embed/8.2.0/../../../../riscv-none-embed/lib/rv32imacxw/ilp32\libg_nano.a(lib_a-memcpy.o)
                0x00000000000055ac                memcpy
 .text._malloc_r
                0x000000000000565e       0xce c:/mounriver/mounriver_studio/toolchain/risc-v embedded gcc/bin/../lib/gcc/riscv-none-embed/8.2.0/../../../../riscv-none-embed/lib/rv32imacxw/ilp32\libg_nano.a(lib_a-nano-mallocr.o)
                0x000000000000565e                _malloc_r
 .text._sbrk_r  0x000000000000572c       0x2a c:/mounriver/mounriver_studio/toolchain/risc-v embedded gcc/bin/../lib/gcc/riscv-none-embed/8.2.0/../../../../riscv-none-embed/lib/rv32imacxw/ilp32\libg_nano.a(lib_a-sbrkr.o)
                0x000000000000572c                _sbrk_r
 .text.__ascii_wctomb
                0x0000000000005756       0x1e c:/mounriver/mounriver_studio/toolchain/risc-v embedded gcc/bin/../lib/gcc/riscv-none-embed/8.2.0/../../../../riscv-none-embed/lib/rv32imacxw/ilp32\libg_nano.a(lib_a-wctomb_r.o)
                0x0000000000005756                __ascii_wctomb
 .text.__malloc_lock
                0x0000000000005774        0x2 c:/mounriver/mounriver_studio/toolchain/risc-v embedded gcc/bin/../lib/gcc/riscv-none-embed/8.2.0/../../../../riscv-none-embed/lib/rv32imacxw/ilp32\libg_nano.a(lib_a-mlock.o)
                0x0000000000005774                __malloc_lock
 .text.__malloc_unlock
                0x0000000000005776        0x2 c:/mounriver/mounriver_studio/toolchain/risc-v embedded gcc/bin/../lib/gcc/riscv-none-embed/8.2.0/../../../../riscv-none-embed/lib/rv32imacxw/ilp32\libg_nano.a(lib_a-mlock.o)
                0x0000000000005776                __malloc_unlock
 *(.rodata)
 *(.rodata*)
 *fill*         0x0000000000005778        0x0 
 .rodata.m6800_execute
                0x0000000000005778      0x3e8 ./User/m6800.o
 .rodata.cycles_6800
                0x0000000000005b60      0x100 ./User/m6800.o
 .rodata.flags8d
                0x0000000000005c60      0x100 ./User/m6800.o
 .rodata.flags8i
                0x0000000000005d60      0x100 ./User/m6800.o
 .rodata.cpu_writemem16
                0x0000000000005e60       0x20 ./User/main.o
 .rodata.jr100guldus
                0x0000000000005e80     0x1601 ./User/main.o
                0x0000000000005e80                jr100guldus
 *fill*         0x0000000000007481        0x3 
 .rodata.keymap
                0x0000000000007484      0x120 ./User/main.o
                0x0000000000007484                keymap
 .rodata.memmap
                0x00000000000075a4       0x20 ./User/main.o
                0x00000000000075a4                memmap
 .rodata.rom    0x00000000000075c4     0x2000 ./User/main.o
                0x00000000000075c4                rom
 .rodata._setlocale_r.str1.4
                0x00000000000095c4        0xd c:/mounriver/mounriver_studio/toolchain/risc-v embedded gcc/bin/../lib/gcc/riscv-none-embed/8.2.0/../../../../riscv-none-embed/lib/rv32imacxw/ilp32\libg_nano.a(lib_a-locale.o)
 *fill*         0x00000000000095d1        0x3 
 .rodata.str1.4
                0x00000000000095d4        0x4 c:/mounriver/mounriver_studio/toolchain/risc-v embedded gcc/bin/../lib/gcc/riscv-none-embed/8.2.0/../../../../riscv-none-embed/lib/rv32imacxw/ilp32\libg_nano.a(lib_a-locale.o)
                                          0x2 (size before relaxing)
 .rodata._ctype_
                0x00000000000095d8      0x101 c:/mounriver/mounriver_studio/toolchain/risc-v embedded gcc/bin/../lib/gcc/riscv-none-embed/8.2.0/../../../../riscv-none-embed/lib/rv32imacxw/ilp32\libg_nano.a(lib_a-ctype_.o)
                0x00000000000095d8                _ctype_
 *fill*         0x00000000000096d9        0x3 
 .rodata.__sf_fake_stderr
                0x00000000000096dc       0x20 c:/mounriver/mounriver_studio/toolchain/risc-v embedded gcc/bin/../lib/gcc/riscv-none-embed/8.2.0/../../../../riscv-none-embed/lib/rv32imacxw/ilp32\libg_nano.a(lib_a-findfp.o)
                0x00000000000096dc                __sf_fake_stderr
 .rodata.__sf_fake_stdin
                0x00000000000096fc       0x20 c:/mounriver/mounriver_studio/toolchain/risc-v embedded gcc/bin/../lib/gcc/riscv-none-embed/8.2.0/../../../../riscv-none-embed/lib/rv32imacxw/ilp32\libg_nano.a(lib_a-findfp.o)
                0x00000000000096fc                __sf_fake_stdin
 .rodata.__sf_fake_stdout
                0x000000000000971c       0x20 c:/mounriver/mounriver_studio/toolchain/risc-v embedded gcc/bin/../lib/gcc/riscv-none-embed/8.2.0/../../../../riscv-none-embed/lib/rv32imacxw/ilp32\libg_nano.a(lib_a-findfp.o)
                0x000000000000971c                __sf_fake_stdout
 *(.glue_7)
 *(.glue_7t)
 *(.gnu.linkonce.t.*)
                0x000000000000973c                . = ALIGN (0x4)

.rela.dyn       0x000000000000973c        0x0
 .rela.init     0x000000000000973c        0x0 ./User/USB_Host/app_km.o
 .rela.vector   0x000000000000973c        0x0 ./User/USB_Host/app_km.o
 .rela.text.handle_reset
                0x000000000000973c        0x0 ./User/USB_Host/app_km.o
 .rela.text._sbrk
                0x000000000000973c        0x0 ./User/USB_Host/app_km.o
 .rela.sdata.curbrk.4579
                0x000000000000973c        0x0 ./User/USB_Host/app_km.o
 .rela.text._sbrk_r
                0x000000000000973c        0x0 ./User/USB_Host/app_km.o

.fini           0x000000000000973c        0x0
 *(SORT_NONE(.fini))
                0x000000000000973c                . = ALIGN (0x4)
                [!provide]                        PROVIDE (_etext = .)
                [!provide]                        PROVIDE (_eitcm = .)

.preinit_array  0x000000000000973c        0x0
                [!provide]                        PROVIDE (__preinit_array_start = .)
 *(.preinit_array)
                [!provide]                        PROVIDE (__preinit_array_end = .)

.init_array     0x000000000000973c        0x0
                [!provide]                        PROVIDE (__init_array_start = .)
 *(SORT_BY_INIT_PRIORITY(.init_array.*) SORT_BY_INIT_PRIORITY(.ctors.*))
 *(.init_array EXCLUDE_FILE(*crtend?.o *crtend.o *crtbegin?.o *crtbegin.o) .ctors)
                [!provide]                        PROVIDE (__init_array_end = .)

.fini_array     0x000000000000973c        0x0
                [!provide]                        PROVIDE (__fini_array_start = .)
 *(SORT_BY_INIT_PRIORITY(.fini_array.*) SORT_BY_INIT_PRIORITY(.dtors.*))
 *(.fini_array EXCLUDE_FILE(*crtend?.o *crtend.o *crtbegin?.o *crtbegin.o) .dtors)
                [!provide]                        PROVIDE (__fini_array_end = .)

.ctors
 *crtbegin.o(.ctors)
 *crtbegin?.o(.ctors)
 *(EXCLUDE_FILE(*crtend?.o *crtend.o) .ctors)
 *(SORT_BY_NAME(.ctors.*))
 *(.ctors)

.dtors
 *crtbegin.o(.dtors)
 *crtbegin?.o(.dtors)
 *(EXCLUDE_FILE(*crtend?.o *crtend.o) .dtors)
 *(SORT_BY_NAME(.dtors.*))
 *(.dtors)

.dalign         0x0000000020000000        0x0 load address 0x000000000000973c
                0x0000000020000000                . = ALIGN (0x4)
                0x0000000020000000                PROVIDE (_data_vma = .)

.dlalign        0x000000000000973c        0x0
                0x000000000000973c                . = ALIGN (0x4)
                0x000000000000973c                PROVIDE (_data_lma = .)

.data           0x0000000020000000      0x1f8 load address 0x000000000000973c
 *(.gnu.linkonce.r.*)
 *(.data .data.*)
 .data.APBAHBPrescTable
                0x0000000020000000       0x10 ./Peripheral/src/ch32v20x_rcc.o
 .data.__global_locale
                0x0000000020000010      0x16c c:/mounriver/mounriver_studio/toolchain/risc-v embedded gcc/bin/../lib/gcc/riscv-none-embed/8.2.0/../../../../riscv-none-embed/lib/rv32imacxw/ilp32\libg_nano.a(lib_a-locale.o)
                0x0000000020000010                __global_locale
 .data.impure_data
                0x000000002000017c       0x60 c:/mounriver/mounriver_studio/toolchain/risc-v embedded gcc/bin/../lib/gcc/riscv-none-embed/8.2.0/../../../../riscv-none-embed/lib/rv32imacxw/ilp32\libg_nano.a(lib_a-impure.o)
 *(.gnu.linkonce.d.*)
                0x00000000200001e0                . = ALIGN (0x8)
 *fill*         0x00000000200001dc        0x4 
                0x00000000200009e0                PROVIDE (__global_pointer$ = (. + 0x800))
 *(.sdata .sdata.*)
 .sdata.m6800_ICount
                0x00000000200001e0        0x4 ./User/m6800.o
                0x00000000200001e0                m6800_ICount
 .sdata.SystemCoreClock
                0x00000000200001e4        0x4 ./User/system_ch32v20x.o
                0x00000000200001e4                SystemCoreClock
 .sdata.ADCPrescTable
                0x00000000200001e8        0x4 ./Peripheral/src/ch32v20x_rcc.o
 .sdata.curbrk.4579
                0x00000000200001ec        0x4 ./Debug/debug.o
 .sdata._impure_ptr
                0x00000000200001f0        0x4 c:/mounriver/mounriver_studio/toolchain/risc-v embedded gcc/bin/../lib/gcc/riscv-none-embed/8.2.0/../../../../riscv-none-embed/lib/rv32imacxw/ilp32\libg_nano.a(lib_a-impure.o)
                0x00000000200001f0                _impure_ptr
 *(.sdata2.*)
 *(.gnu.linkonce.s.*)
                0x00000000200001f8                . = ALIGN (0x8)
 *fill*         0x00000000200001f4        0x4 
 *(.srodata.cst16)
 *(.srodata.cst8)
 *(.srodata.cst4)
 *(.srodata.cst2)
 *(.srodata .srodata.*)
                0x00000000200001f8                . = ALIGN (0x4)
                0x00000000200001f8                PROVIDE (_edata = .)

.bss            0x00000000200001f8      0x5c8 load address 0x0000000000009934
                0x00000000200001f8                . = ALIGN (0x4)
                0x00000000200001f8                PROVIDE (_sbss = .)
 *(.sbss*)
 .sbss.ea       0x00000000200001f8        0x4 ./User/m6800.o
 .sbss.RAM      0x00000000200001fc        0x4 ./User/main.o
                0x00000000200001fc                RAM
 .sbss.col.5731
                0x0000000020000200        0x1 ./User/main.o
 .sbss.ntsc_blank
                0x0000000020000201        0x1 ./User/main.o
                0x0000000020000201                ntsc_blank
 .sbss.ntsc_line
                0x0000000020000202        0x2 ./User/main.o
                0x0000000020000202                ntsc_line
 .sbss.pressed.5730
                0x0000000020000204        0x1 ./User/main.o
 .sbss.row.5732
                0x0000000020000205        0x1 ./User/main.o
 .sbss.run_emulation
                0x0000000020000206        0x1 ./User/main.o
                0x0000000020000206                run_emulation
 *fill*         0x0000000020000207        0x1 
 .sbss.scandata
                0x0000000020000208        0x8 ./User/main.o
                0x0000000020000208                scandata
 .sbss.vram     0x0000000020000210        0x4 ./User/main.o
                0x0000000020000210                vram
 .sbss.MCU_Version
                0x0000000020000214        0x1 ./Peripheral/src/ch32v20x_gpio.o
                0x0000000020000214                MCU_Version
 *fill*         0x0000000020000215        0x3 
 .sbss.NVIC_Priority_Group
                0x0000000020000218        0x4 ./Peripheral/src/ch32v20x_misc.o
                0x0000000020000218                NVIC_Priority_Group
 .sbss.p_ms     0x000000002000021c        0x2 ./Debug/debug.o
 .sbss.p_us     0x000000002000021e        0x1 ./Debug/debug.o
 *fill*         0x000000002000021f        0x1 
 .sbss.__malloc_free_list
                0x0000000020000220        0x4 c:/mounriver/mounriver_studio/toolchain/risc-v embedded gcc/bin/../lib/gcc/riscv-none-embed/8.2.0/../../../../riscv-none-embed/lib/rv32imacxw/ilp32\libg_nano.a(lib_a-nano-mallocr.o)
                0x0000000020000220                __malloc_free_list
 .sbss.__malloc_sbrk_start
                0x0000000020000224        0x4 c:/mounriver/mounriver_studio/toolchain/risc-v embedded gcc/bin/../lib/gcc/riscv-none-embed/8.2.0/../../../../riscv-none-embed/lib/rv32imacxw/ilp32\libg_nano.a(lib_a-nano-mallocr.o)
                0x0000000020000224                __malloc_sbrk_start
 *(.gnu.linkonce.sb.*)
 *(.bss*)
 .bss.HostCtl   0x0000000020000228      0x532 ./User/USB_Host/app_km.o
                0x0000000020000228                HostCtl
 *fill*         0x000000002000075a        0x2 
 .bss.RootHubDev
                0x000000002000075c       0x1f ./User/USB_Host/app_km.o
                0x000000002000075c                RootHubDev
 *fill*         0x000000002000077b        0x1 
 .bss.m6800     0x000000002000077c       0x24 ./User/m6800.o
                0x000000002000077c                m6800
 .bss.keymatrix
                0x00000000200007a0        0x9 ./User/main.o
                0x00000000200007a0                keymatrix
 *fill*         0x00000000200007a9        0x3 
 .bss.via_reg   0x00000000200007ac       0x10 ./User/main.o
                0x00000000200007ac                via_reg
 *(.gnu.linkonce.b.*)
 *(COMMON*)
 COMMON         0x00000000200007bc        0x4 c:/mounriver/mounriver_studio/toolchain/risc-v embedded gcc/bin/../lib/gcc/riscv-none-embed/8.2.0/../../../../riscv-none-embed/lib/rv32imacxw/ilp32\libg_nano.a(lib_a-reent.o)
                0x00000000200007bc                errno
                0x00000000200007c0                . = ALIGN (0x4)
                0x00000000200007c0                PROVIDE (_ebss = .)
                0x00000000200007c0                PROVIDE (_end = _ebss)
                [!provide]                        PROVIDE (end = .)

.stack          0x0000000020004f00      0x100
                0x0000000020004f00                PROVIDE (_heap_end = .)
                0x0000000020004f00                . = ALIGN (0x4)
                [!provide]                        PROVIDE (_susrstack = .)
                0x0000000020005000                . = (. + __stack_size)
 *fill*         0x0000000020004f00      0x100 
                0x0000000020005000                PROVIDE (_eusrstack = .)
OUTPUT(jr100c_CH32V203.elf elf32-littleriscv)

.debug_info     0x0000000000000000    0x172eb
 .debug_info    0x0000000000000000     0x381c ./User/USB_Host/app_km.o
 .debug_info    0x000000000000381c      0x962 ./User/ch32v20x_it.o
 .debug_info    0x000000000000417e     0x61e8 ./User/m6800.o
 .debug_info    0x000000000000a366     0x25af ./User/main.o
 .debug_info    0x000000000000c915      0xb89 ./User/system_ch32v20x.o
 .debug_info    0x000000000000d49e       0x22 ./Startup/startup_ch32v20x_D6.o
 .debug_info    0x000000000000d4c0      0xd21 ./Peripheral/src/ch32v20x_dma.o
 .debug_info    0x000000000000e1e1     0x10d9 ./Peripheral/src/ch32v20x_gpio.o
 .debug_info    0x000000000000f2ba      0xe7c ./Peripheral/src/ch32v20x_misc.o
 .debug_info    0x0000000000010136     0x125c ./Peripheral/src/ch32v20x_rcc.o
 .debug_info    0x0000000000011392     0x12c1 ./Peripheral/src/ch32v20x_spi.o
 .debug_info    0x0000000000012653     0x29a5 ./Peripheral/src/ch32v20x_tim.o
 .debug_info    0x0000000000014ff8     0x13b4 ./Peripheral/src/ch32v20x_usart.o
 .debug_info    0x00000000000163ac      0xf3f ./Debug/debug.o

.debug_abbrev   0x0000000000000000     0x2e15
 .debug_abbrev  0x0000000000000000      0x53e ./User/USB_Host/app_km.o
 .debug_abbrev  0x000000000000053e      0x1cf ./User/ch32v20x_it.o
 .debug_abbrev  0x000000000000070d      0x5d6 ./User/m6800.o
 .debug_abbrev  0x0000000000000ce3      0x4d1 ./User/main.o
 .debug_abbrev  0x00000000000011b4      0x2c0 ./User/system_ch32v20x.o
 .debug_abbrev  0x0000000000001474       0x12 ./Startup/startup_ch32v20x_D6.o
 .debug_abbrev  0x0000000000001486      0x302 ./Peripheral/src/ch32v20x_dma.o
 .debug_abbrev  0x0000000000001788      0x33a ./Peripheral/src/ch32v20x_gpio.o
 .debug_abbrev  0x0000000000001ac2      0x2fb ./Peripheral/src/ch32v20x_misc.o
 .debug_abbrev  0x0000000000001dbd      0x351 ./Peripheral/src/ch32v20x_rcc.o
 .debug_abbrev  0x000000000000210e      0x307 ./Peripheral/src/ch32v20x_spi.o
 .debug_abbrev  0x0000000000002415      0x408 ./Peripheral/src/ch32v20x_tim.o
 .debug_abbrev  0x000000000000281d      0x312 ./Peripheral/src/ch32v20x_usart.o
 .debug_abbrev  0x0000000000002b2f      0x2e6 ./Debug/debug.o

.debug_loc      0x0000000000000000     0x8357
 .debug_loc     0x0000000000000000     0x12c3 ./User/USB_Host/app_km.o
 .debug_loc     0x00000000000012c3     0x31ca ./User/m6800.o
 .debug_loc     0x000000000000448d      0x50f ./User/main.o
 .debug_loc     0x000000000000499c       0xac ./User/system_ch32v20x.o
 .debug_loc     0x0000000000004a48      0x155 ./Peripheral/src/ch32v20x_dma.o
 .debug_loc     0x0000000000004b9d      0x7fa ./Peripheral/src/ch32v20x_gpio.o
 .debug_loc     0x0000000000005397       0xce ./Peripheral/src/ch32v20x_misc.o
 .debug_loc     0x0000000000005465      0x797 ./Peripheral/src/ch32v20x_rcc.o
 .debug_loc     0x0000000000005bfc      0x57f ./Peripheral/src/ch32v20x_spi.o
 .debug_loc     0x000000000000617b     0x190e ./Peripheral/src/ch32v20x_tim.o
 .debug_loc     0x0000000000007a89      0x757 ./Peripheral/src/ch32v20x_usart.o
 .debug_loc     0x00000000000081e0      0x177 ./Debug/debug.o

.debug_aranges  0x0000000000000000      0xc20
 .debug_aranges
                0x0000000000000000       0xa0 ./User/USB_Host/app_km.o
 .debug_aranges
                0x00000000000000a0       0x28 ./User/ch32v20x_it.o
 .debug_aranges
                0x00000000000000c8      0x348 ./User/m6800.o
 .debug_aranges
                0x0000000000000410       0x78 ./User/main.o
 .debug_aranges
                0x0000000000000488       0x28 ./User/system_ch32v20x.o
 .debug_aranges
                0x00000000000004b0       0x30 ./Startup/startup_ch32v20x_D6.o
 .debug_aranges
                0x00000000000004e0       0x60 ./Peripheral/src/ch32v20x_dma.o
 .debug_aranges
                0x0000000000000540       0xa8 ./Peripheral/src/ch32v20x_gpio.o
 .debug_aranges
                0x00000000000005e8       0x28 ./Peripheral/src/ch32v20x_misc.o
 .debug_aranges
                0x0000000000000610      0x128 ./Peripheral/src/ch32v20x_rcc.o
 .debug_aranges
                0x0000000000000738       0xd0 ./Peripheral/src/ch32v20x_spi.o
 .debug_aranges
                0x0000000000000808      0x2d0 ./Peripheral/src/ch32v20x_tim.o
 .debug_aranges
                0x0000000000000ad8      0x100 ./Peripheral/src/ch32v20x_usart.o
 .debug_aranges
                0x0000000000000bd8       0x48 ./Debug/debug.o

.debug_ranges   0x0000000000000000     0x1c50
 .debug_ranges  0x0000000000000000       0xd8 ./User/USB_Host/app_km.o
 .debug_ranges  0x00000000000000d8       0x18 ./User/ch32v20x_it.o
 .debug_ranges  0x00000000000000f0     0x1308 ./User/m6800.o
 .debug_ranges  0x00000000000013f8       0xd8 ./User/main.o
 .debug_ranges  0x00000000000014d0       0x38 ./User/system_ch32v20x.o
 .debug_ranges  0x0000000000001508       0x28 ./Startup/startup_ch32v20x_D6.o
 .debug_ranges  0x0000000000001530       0x50 ./Peripheral/src/ch32v20x_dma.o
 .debug_ranges  0x0000000000001580       0x98 ./Peripheral/src/ch32v20x_gpio.o
 .debug_ranges  0x0000000000001618       0x48 ./Peripheral/src/ch32v20x_misc.o
 .debug_ranges  0x0000000000001660      0x118 ./Peripheral/src/ch32v20x_rcc.o
 .debug_ranges  0x0000000000001778       0xc0 ./Peripheral/src/ch32v20x_spi.o
 .debug_ranges  0x0000000000001838      0x2f0 ./Peripheral/src/ch32v20x_tim.o
 .debug_ranges  0x0000000000001b28       0xf0 ./Peripheral/src/ch32v20x_usart.o
 .debug_ranges  0x0000000000001c18       0x38 ./Debug/debug.o

.debug_line     0x0000000000000000    0x18b5f
 .debug_line    0x0000000000000000     0x34aa ./User/USB_Host/app_km.o
 .debug_line    0x00000000000034aa      0x21d ./User/ch32v20x_it.o
 .debug_line    0x00000000000036c7     0xb08a ./User/m6800.o
 .debug_line    0x000000000000e751     0x1a02 ./User/main.o
 .debug_line    0x0000000000010153      0x681 ./User/system_ch32v20x.o
 .debug_line    0x00000000000107d4      0x25f ./Startup/startup_ch32v20x_D6.o
 .debug_line    0x0000000000010a33      0x78b ./Peripheral/src/ch32v20x_dma.o
 .debug_line    0x00000000000111be      0xfcd ./Peripheral/src/ch32v20x_gpio.o
 .debug_line    0x000000000001218b      0x4a5 ./Peripheral/src/ch32v20x_misc.o
 .debug_line    0x0000000000012630     0x1143 ./Peripheral/src/ch32v20x_rcc.o
 .debug_line    0x0000000000013773      0xcdb ./Peripheral/src/ch32v20x_spi.o
 .debug_line    0x000000000001444e     0x30c4 ./Peripheral/src/ch32v20x_tim.o
 .debug_line    0x0000000000017512      0xf7b ./Peripheral/src/ch32v20x_usart.o
 .debug_line    0x000000000001848d      0x6d2 ./Debug/debug.o

.debug_str      0x0000000000000000     0x3da2
 .debug_str     0x0000000000000000     0x16d4 ./User/USB_Host/app_km.o
                                       0x1823 (size before relaxing)
 .debug_str     0x00000000000016d4       0x34 ./User/ch32v20x_it.o
                                        0x5a4 (size before relaxing)
 .debug_str     0x0000000000001708      0x75a ./User/m6800.o
                                        0xd77 (size before relaxing)
 .debug_str     0x0000000000001e62      0x740 ./User/main.o
                                       0x1603 (size before relaxing)
 .debug_str     0x00000000000025a2      0x10b ./User/system_ch32v20x.o
                                        0x6ba (size before relaxing)
 .debug_str     0x00000000000026ad       0x2d ./Startup/startup_ch32v20x_D6.o
                                         0x57 (size before relaxing)
 .debug_str     0x00000000000026da      0x11f ./Peripheral/src/ch32v20x_dma.o
                                        0x7e1 (size before relaxing)
 .debug_str     0x00000000000027f9      0x254 ./Peripheral/src/ch32v20x_gpio.o
                                        0x96b (size before relaxing)
 .debug_str     0x0000000000002a4d       0x8a ./Peripheral/src/ch32v20x_misc.o
                                        0xa73 (size before relaxing)
 .debug_str     0x0000000000002ad7      0x398 ./Peripheral/src/ch32v20x_rcc.o
                                        0xaaa (size before relaxing)
 .debug_str     0x0000000000002e6f      0x28c ./Peripheral/src/ch32v20x_spi.o
                                        0xa7d (size before relaxing)
 .debug_str     0x00000000000030fb      0x8e3 ./Peripheral/src/ch32v20x_tim.o
                                       0x1269 (size before relaxing)
 .debug_str     0x00000000000039de      0x347 ./Peripheral/src/ch32v20x_usart.o
                                        0xb05 (size before relaxing)
 .debug_str     0x0000000000003d25       0x7d ./Debug/debug.o
                                        0x904 (size before relaxing)

.comment        0x0000000000000000       0x33
 .comment       0x0000000000000000       0x33 ./User/USB_Host/app_km.o
                                         0x34 (size before relaxing)
 .comment       0x0000000000000033       0x34 ./User/ch32v20x_it.o
 .comment       0x0000000000000033       0x34 ./User/m6800.o
 .comment       0x0000000000000033       0x34 ./User/main.o
 .comment       0x0000000000000033       0x34 ./User/system_ch32v20x.o
 .comment       0x0000000000000033       0x34 ./Peripheral/src/ch32v20x_dma.o
 .comment       0x0000000000000033       0x34 ./Peripheral/src/ch32v20x_gpio.o
 .comment       0x0000000000000033       0x34 ./Peripheral/src/ch32v20x_misc.o
 .comment       0x0000000000000033       0x34 ./Peripheral/src/ch32v20x_rcc.o
 .comment       0x0000000000000033       0x34 ./Peripheral/src/ch32v20x_spi.o
 .comment       0x0000000000000033       0x34 ./Peripheral/src/ch32v20x_tim.o
 .comment       0x0000000000000033       0x34 ./Peripheral/src/ch32v20x_usart.o
 .comment       0x0000000000000033       0x34 ./Debug/debug.o

.debug_frame    0x0000000000000000     0x2650
 .debug_frame   0x0000000000000000      0x360 ./User/USB_Host/app_km.o
 .debug_frame   0x0000000000000360       0x30 ./User/ch32v20x_it.o
 .debug_frame   0x0000000000000390      0xe80 ./User/m6800.o
 .debug_frame   0x0000000000001210      0x198 ./User/main.o
 .debug_frame   0x00000000000013a8       0x3c ./User/system_ch32v20x.o
 .debug_frame   0x00000000000013e4       0xcc ./Peripheral/src/ch32v20x_dma.o
 .debug_frame   0x00000000000014b0      0x148 ./Peripheral/src/ch32v20x_gpio.o
 .debug_frame   0x00000000000015f8       0x30 ./Peripheral/src/ch32v20x_misc.o
 .debug_frame   0x0000000000001628      0x244 ./Peripheral/src/ch32v20x_rcc.o
 .debug_frame   0x000000000000186c      0x1a8 ./Peripheral/src/ch32v20x_spi.o
 .debug_frame   0x0000000000001a14      0x614 ./Peripheral/src/ch32v20x_tim.o
 .debug_frame   0x0000000000002028      0x204 ./Peripheral/src/ch32v20x_usart.o
 .debug_frame   0x000000000000222c       0x9c ./Debug/debug.o
 .debug_frame   0x00000000000022c8       0x78 c:/mounriver/mounriver_studio/toolchain/risc-v embedded gcc/bin/../lib/gcc/riscv-none-embed/8.2.0/../../../../riscv-none-embed/lib/rv32imacxw/ilp32\libg_nano.a(lib_a-locale.o)
 .debug_frame   0x0000000000002340       0x30 c:/mounriver/mounriver_studio/toolchain/risc-v embedded gcc/bin/../lib/gcc/riscv-none-embed/8.2.0/../../../../riscv-none-embed/lib/rv32imacxw/ilp32\libg_nano.a(lib_a-malloc.o)
 .debug_frame   0x0000000000002370       0x38 c:/mounriver/mounriver_studio/toolchain/risc-v embedded gcc/bin/../lib/gcc/riscv-none-embed/8.2.0/../../../../riscv-none-embed/lib/rv32imacxw/ilp32\libg_nano.a(lib_a-mbtowc_r.o)
 .debug_frame   0x00000000000023a8       0x20 c:/mounriver/mounriver_studio/toolchain/risc-v embedded gcc/bin/../lib/gcc/riscv-none-embed/8.2.0/../../../../riscv-none-embed/lib/rv32imacxw/ilp32\libg_nano.a(lib_a-memcpy.o)
 .debug_frame   0x00000000000023c8       0x40 c:/mounriver/mounriver_studio/toolchain/risc-v embedded gcc/bin/../lib/gcc/riscv-none-embed/8.2.0/../../../../riscv-none-embed/lib/rv32imacxw/ilp32\libg_nano.a(lib_a-nano-mallocr.o)
 .debug_frame   0x0000000000002408       0x30 c:/mounriver/mounriver_studio/toolchain/risc-v embedded gcc/bin/../lib/gcc/riscv-none-embed/8.2.0/../../../../riscv-none-embed/lib/rv32imacxw/ilp32\libg_nano.a(lib_a-sbrkr.o)
 .debug_frame   0x0000000000002438       0x30 c:/mounriver/mounriver_studio/toolchain/risc-v embedded gcc/bin/../lib/gcc/riscv-none-embed/8.2.0/../../../../riscv-none-embed/lib/rv32imacxw/ilp32\libg_nano.a(lib_a-wctomb_r.o)
 .debug_frame   0x0000000000002468      0x148 c:/mounriver/mounriver_studio/toolchain/risc-v embedded gcc/bin/../lib/gcc/riscv-none-embed/8.2.0/../../../../riscv-none-embed/lib/rv32imacxw/ilp32\libg_nano.a(lib_a-findfp.o)
 .debug_frame   0x00000000000025b0       0x30 c:/mounriver/mounriver_studio/toolchain/risc-v embedded gcc/bin/../lib/gcc/riscv-none-embed/8.2.0/../../../../riscv-none-embed/lib/rv32imacxw/ilp32\libg_nano.a(lib_a-mlock.o)
 .debug_frame   0x00000000000025e0       0x70 c:/mounriver/mounriver_studio/toolchain/risc-v embedded gcc/bin/../lib/gcc/riscv-none-embed/8.2.0/../../../../riscv-none-embed/lib/rv32imacxw/ilp32\libg_nano.a(lib_a-reent.o)

.stabstr        0x0000000000000000      0x117
 .stabstr       0x0000000000000000      0x117 c:/mounriver/mounriver_studio/toolchain/risc-v embedded gcc/bin/../lib/gcc/riscv-none-embed/8.2.0/../../../../riscv-none-embed/lib/rv32imacxw/ilp32\libnosys.a(close.o)
